Release 14.7 - xst P.20131013 (nt64)
Copyright (c) 1995-2013 Xilinx, Inc.  All rights reserved.
--> Parameter TMPDIR set to xst/projnav.tmp


Total REAL time to Xst completion: 0.00 secs
Total CPU time to Xst completion: 0.12 secs
 
--> Parameter xsthdpdir set to xst


Total REAL time to Xst completion: 0.00 secs
Total CPU time to Xst completion: 0.12 secs
 
--> Reading design: top_module.prj

TABLE OF CONTENTS
  1) Synthesis Options Summary
  2) HDL Parsing
  3) HDL Elaboration
  4) HDL Synthesis
       4.1) HDL Synthesis Report
  5) Advanced HDL Synthesis
       5.1) Advanced HDL Synthesis Report
  6) Low Level Synthesis
  7) Partition Report
  8) Design Summary
       8.1) Primitive and Black Box Usage
       8.2) Device utilization summary
       8.3) Partition Resource Summary
       8.4) Timing Report
            8.4.1) Clock Information
            8.4.2) Asynchronous Control Signals Information
            8.4.3) Timing Summary
            8.4.4) Timing Details
            8.4.5) Cross Clock Domains Report


=========================================================================
*                      Synthesis Options Summary                        *
=========================================================================
---- Source Parameters
Input File Name                    : "top_module.prj"
Ignore Synthesis Constraint File   : NO

---- Target Parameters
Output File Name                   : "top_module"
Output Format                      : NGC
Target Device                      : xc6slx4-3-tqg144

---- Source Options
Top Module Name                    : top_module
Automatic FSM Extraction           : YES
FSM Encoding Algorithm             : Auto
Safe Implementation                : No
FSM Style                          : LUT
RAM Extraction                     : Yes
RAM Style                          : Auto
ROM Extraction                     : Yes
Shift Register Extraction          : YES
ROM Style                          : Auto
Resource Sharing                   : YES
Asynchronous To Synchronous        : NO
Shift Register Minimum Size        : 2
Use DSP Block                      : Auto
Automatic Register Balancing       : No

---- Target Options
LUT Combining                      : Auto
Reduce Control Sets                : Auto
Add IO Buffers                     : YES
Global Maximum Fanout              : 100000
Add Generic Clock Buffer(BUFG)     : 16
Register Duplication               : YES
Optimize Instantiated Primitives   : NO
Use Clock Enable                   : Auto
Use Synchronous Set                : Auto
Use Synchronous Reset              : Auto
Pack IO Registers into IOBs        : Auto
Equivalent register Removal        : YES

---- General Options
Optimization Goal                  : Speed
Optimization Effort                : 1
Power Reduction                    : NO
Keep Hierarchy                     : No
Netlist Hierarchy                  : As_Optimized
RTL Output                         : Yes
Global Optimization                : AllClockNets
Read Cores                         : YES
Write Timing Constraints           : NO
Cross Clock Analysis               : NO
Hierarchy Separator                : /
Bus Delimiter                      : <>
Case Specifier                     : Maintain
Slice Utilization Ratio            : 100
BRAM Utilization Ratio             : 100
DSP48 Utilization Ratio            : 100
Auto BRAM Packing                  : NO
Slice Utilization Ratio Delta      : 5

=========================================================================


=========================================================================
*                          HDL Parsing                                  *
=========================================================================
Analyzing Verilog file "C:\Company\GitProject\rarchhazi\spi_rom_proba\spi.v" into library work
Parsing module <spi>.
Analyzing Verilog file "C:\Company\GitProject\rarchhazi\spi_rom_proba\spi_interface.v" into library work
Parsing module <spi_interface>.
WARNING:HDLCompiler:751 - "C:\Company\GitProject\rarchhazi\spi_rom_proba\spi_interface.v" Line 45: Redeclaration of ansi port d_send is not allowed
WARNING:HDLCompiler:751 - "C:\Company\GitProject\rarchhazi\spi_rom_proba\spi_interface.v" Line 46: Redeclaration of ansi port d_received is not allowed
Analyzing Verilog file "C:\Company\GitProject\rarchhazi\spi_rom_proba\amba.v" into library work
Parsing module <amba>.
Analyzing Verilog file "C:\Company\GitProject\rarchhazi\spi_rom_proba\top_module.v" into library work
Parsing module <top_module>.
WARNING:HDLCompiler:751 - "C:\Company\GitProject\rarchhazi\spi_rom_proba\top_module.v" Line 33: Redeclaration of ansi port enable is not allowed
WARNING:HDLCompiler:751 - "C:\Company\GitProject\rarchhazi\spi_rom_proba\top_module.v" Line 34: Redeclaration of ansi port miso is not allowed
WARNING:HDLCompiler:751 - "C:\Company\GitProject\rarchhazi\spi_rom_proba\top_module.v" Line 35: Redeclaration of ansi port mosi is not allowed

=========================================================================
*                            HDL Elaboration                            *
=========================================================================
WARNING:HDLCompiler:1016 - "C:\Company\GitProject\rarchhazi\spi_rom_proba\top_module.v" Line 39: Port clk is not connected to this instance

Elaborating module <top_module>.

Elaborating module <spi_interface>.

Elaborating module <spi>.
WARNING:HDLCompiler:1127 - "C:\Company\GitProject\rarchhazi\spi_rom_proba\spi_interface.v" Line 34: Assignment to cs ignored, since the identifier is never used
WARNING:HDLCompiler:1127 - "C:\Company\GitProject\rarchhazi\spi_rom_proba\spi_interface.v" Line 35: Assignment to sck ignored, since the identifier is never used
WARNING:HDLCompiler:1127 - "C:\Company\GitProject\rarchhazi\spi_rom_proba\spi_interface.v" Line 37: Assignment to mosi ignored, since the identifier is never used
WARNING:HDLCompiler:189 - "C:\Company\GitProject\rarchhazi\spi_rom_proba\spi_interface.v" Line 38: Size mismatch in connection of port <dout>. Formal port size is 32-bit while actual signal size is 1-bit.
WARNING:HDLCompiler:1127 - "C:\Company\GitProject\rarchhazi\spi_rom_proba\spi_interface.v" Line 38: Assignment to d_received ignored, since the identifier is never used
WARNING:HDLCompiler:189 - "C:\Company\GitProject\rarchhazi\spi_rom_proba\spi_interface.v" Line 39: Size mismatch in connection of port <din>. Formal port size is 32-bit while actual signal size is 1-bit.
WARNING:HDLCompiler:1127 - "C:\Company\GitProject\rarchhazi\spi_rom_proba\spi_interface.v" Line 42: Assignment to transfer_success ignored, since the identifier is never used
WARNING:HDLCompiler:634 - "C:\Company\GitProject\rarchhazi\spi_rom_proba\spi_interface.v" Line 41: Net <enable> does not have a driver.

Elaborating module <amba>.
WARNING:HDLCompiler:1499 - "C:\Company\GitProject\rarchhazi\spi_rom_proba\amba.v" Line 21: Empty module <amba> remains a black box.
WARNING:HDLCompiler:1127 - "C:\Company\GitProject\rarchhazi\spi_rom_proba\top_module.v" Line 47: Assignment to sckcs ignored, since the identifier is never used
WARNING:HDLCompiler:552 - "C:\Company\GitProject\rarchhazi\spi_rom_proba\top_module.v" Line 39: Input port clk is not connected on this instance
WARNING:Xst:2972 - "C:\Company\GitProject\rarchhazi\spi_rom_proba\spi_interface.v" line 31. All outputs of instance <spi> of block <spi> are unconnected in block <spi_interface>. Underlying logic will be removed.

=========================================================================
*                           HDL Synthesis                               *
=========================================================================

Synthesizing Unit <top_module>.
    Related source file is "C:\Company\GitProject\rarchhazi\spi_rom_proba\top_module.v".
WARNING:Xst:2898 - Port 'clk', unconnected in block instance 'interface', is tied to GND.
WARNING:Xst:2898 - Port 'rst', unconnected in block instance 'interface', is tied to GND.
WARNING:Xst:2898 - Port 'mosi', unconnected in block instance 'interface', is tied to GND.
WARNING:Xst:2898 - Port 'd_received', unconnected in block instance 'interface', is tied to GND.
WARNING:Xst:647 - Input <d_send> is never used. This port will be preserved and left unconnected if it belongs to a top-level block or it belongs to a sub-block and the hierarchy of this sub-block is preserved.
WARNING:Xst:647 - Input <rst> is never used. This port will be preserved and left unconnected if it belongs to a top-level block or it belongs to a sub-block and the hierarchy of this sub-block is preserved.
WARNING:Xst:647 - Input <clk> is never used. This port will be preserved and left unconnected if it belongs to a top-level block or it belongs to a sub-block and the hierarchy of this sub-block is preserved.
WARNING:Xst:647 - Input <enable> is never used. This port will be preserved and left unconnected if it belongs to a top-level block or it belongs to a sub-block and the hierarchy of this sub-block is preserved.
WARNING:Xst:647 - Input <miso> is never used. This port will be preserved and left unconnected if it belongs to a top-level block or it belongs to a sub-block and the hierarchy of this sub-block is preserved.
INFO:Xst:3210 - "C:\Company\GitProject\rarchhazi\spi_rom_proba\top_module.v" line 39: Output port <miso> of the instance <interface> is unconnected or connected to loadless signal.
INFO:Xst:3210 - "C:\Company\GitProject\rarchhazi\spi_rom_proba\top_module.v" line 39: Output port <d_send> of the instance <interface> is unconnected or connected to loadless signal.
    Summary:
	no macro.
Unit <top_module> synthesized.

Synthesizing Unit <spi_interface>.
    Related source file is "C:\Company\GitProject\rarchhazi\spi_rom_proba\spi_interface.v".
WARNING:Xst:647 - Input <mosi> is never used. This port will be preserved and left unconnected if it belongs to a top-level block or it belongs to a sub-block and the hierarchy of this sub-block is preserved.
WARNING:Xst:647 - Input <d_received> is never used. This port will be preserved and left unconnected if it belongs to a top-level block or it belongs to a sub-block and the hierarchy of this sub-block is preserved.
INFO:Xst:3210 - "C:\Company\GitProject\rarchhazi\spi_rom_proba\spi_interface.v" line 31: Output port <dout> of the instance <spi> is unconnected or connected to loadless signal.
INFO:Xst:3210 - "C:\Company\GitProject\rarchhazi\spi_rom_proba\spi_interface.v" line 31: Output port <mosi> of the instance <spi> is unconnected or connected to loadless signal.
INFO:Xst:3210 - "C:\Company\GitProject\rarchhazi\spi_rom_proba\spi_interface.v" line 31: Output port <cs> of the instance <spi> is unconnected or connected to loadless signal.
INFO:Xst:3210 - "C:\Company\GitProject\rarchhazi\spi_rom_proba\spi_interface.v" line 31: Output port <sck1> of the instance <spi> is unconnected or connected to loadless signal.
INFO:Xst:3210 - "C:\Company\GitProject\rarchhazi\spi_rom_proba\spi_interface.v" line 31: Output port <transfer_succeded> of the instance <spi> is unconnected or connected to loadless signal.
WARNING:Xst:653 - Signal <miso> is used but never assigned. This sourceless signal will be automatically connected to value GND.
WARNING:Xst:653 - Signal <d_send> is used but never assigned. This sourceless signal will be automatically connected to value GND.
WARNING:Xst:653 - Signal <enable> is used but never assigned. This sourceless signal will be automatically connected to value GND.
    Summary:
	no macro.
Unit <spi_interface> synthesized.

=========================================================================
HDL Synthesis Report

Found no macro
=========================================================================

=========================================================================
*                       Advanced HDL Synthesis                          *
=========================================================================


=========================================================================
Advanced HDL Synthesis Report

Found no macro
=========================================================================

=========================================================================
*                         Low Level Synthesis                           *
=========================================================================

Optimizing unit <top_module> ...

Mapping all equations...
Building and optimizing final netlist ...
Found area constraint ratio of 100 (+ 5) on block top_module, actual ratio is 0.

Final Macro Processing ...

=========================================================================
Final Register Report

Found no macro
=========================================================================

=========================================================================
*                           Partition Report                            *
=========================================================================

Partition Implementation Status
-------------------------------

  No Partitions were found in this design.

-------------------------------

=========================================================================
*                            Design Summary                             *
=========================================================================

Top Level Output File Name         : top_module.ngc

Primitive and Black Box Usage:
------------------------------
# Others                           : 1
#      amba                        : 1

Device utilization summary:
---------------------------

Selected Device : 6slx4tqg144-3 


Slice Logic Utilization: 

Slice Logic Distribution: 
 Number of LUT Flip Flop pairs used:      0
   Number with an unused Flip Flop:       0  out of      0         
   Number with an unused LUT:             0  out of      0         
   Number of fully used LUT-FF pairs:     0  out of      0         
   Number of unique control sets:         0

IO Utilization: 
 Number of IOs:                          71
 Number of bonded IOBs:                   0  out of    102     0%  

Specific Feature Utilization:

---------------------------
Partition Resource Summary:
---------------------------

  No Partitions were found in this design.

---------------------------


=========================================================================
Timing Report

NOTE: THESE TIMING NUMBERS ARE ONLY A SYNTHESIS ESTIMATE.
      FOR ACCURATE TIMING INFORMATION PLEASE REFER TO THE TRACE REPORT
      GENERATED AFTER PLACE-and-ROUTE.

Clock Information:
------------------
No clock signals found in this design

Asynchronous Control Signals Information:
----------------------------------------
No asynchronous control signals found in this design

Timing Summary:
---------------
Speed Grade: -3

   Minimum period: No path found
   Minimum input arrival time before clock: No path found
   Maximum output required time after clock: No path found
   Maximum combinational path delay: No path found

Timing Details:
---------------
All values displayed in nanoseconds (ns)

=========================================================================

Cross Clock Domains Report:
--------------------------

=========================================================================


Total REAL time to Xst completion: 5.00 secs
Total CPU time to Xst completion: 5.02 secs
 
--> 

Total memory usage is 227756 kilobytes

Number of errors   :    0 (   0 filtered)
Number of warnings :   32 (   0 filtered)
Number of infos    :    7 (   0 filtered)

